Component: ARM Compiler 5.06 update 6 (build 750) Tool: armlink [4d35ed]

==============================================================================

Section Cross References

    startup_stm32f767xx.o(RESET) refers to startup_stm32f767xx.o(STACK) for __initial_sp
    startup_stm32f767xx.o(RESET) refers to startup_stm32f767xx.o(.text) for Reset_Handler
    startup_stm32f767xx.o(RESET) refers to stm32f7xx_it.o(i.NMI_Handler) for NMI_Handler
    startup_stm32f767xx.o(RESET) refers to stm32f7xx_it.o(i.HardFault_Handler) for HardFault_Handler
    startup_stm32f767xx.o(RESET) refers to stm32f7xx_it.o(i.MemManage_Handler) for MemManage_Handler
    startup_stm32f767xx.o(RESET) refers to stm32f7xx_it.o(i.BusFault_Handler) for BusFault_Handler
    startup_stm32f767xx.o(RESET) refers to stm32f7xx_it.o(i.UsageFault_Handler) for UsageFault_Handler
    startup_stm32f767xx.o(RESET) refers to stm32f7xx_it.o(i.SVC_Handler) for SVC_Handler
    startup_stm32f767xx.o(RESET) refers to stm32f7xx_it.o(i.DebugMon_Handler) for DebugMon_Handler
    startup_stm32f767xx.o(RESET) refers to stm32f7xx_it.o(i.PendSV_Handler) for PendSV_Handler
    startup_stm32f767xx.o(RESET) refers to stm32f7xx_it.o(i.SysTick_Handler) for SysTick_Handler
    startup_stm32f767xx.o(RESET) refers to stm32f7xx_it.o(i.USART1_IRQHandler) for USART1_IRQHandler
    startup_stm32f767xx.o(.text) refers to system_stm32f7xx.o(i.SystemInit) for SystemInit
    startup_stm32f767xx.o(.text) refers to entry.o(.ARM.Collect$$$$00000000) for __main
    main.o(i.AI_Init) refers to network.o(i.ai_network_create_and_init) for ai_network_create_and_init
    main.o(i.AI_Init) refers to printfa.o(i.__0printf) for __2printf
    main.o(i.AI_Init) refers to network.o(i.ai_network_inputs_get) for ai_network_inputs_get
    main.o(i.AI_Init) refers to network.o(i.ai_network_outputs_get) for ai_network_outputs_get
    main.o(i.AI_Init) refers to main.o(.constdata) for .constdata
    main.o(i.AI_Init) refers to main.o(.data) for .data
    main.o(i.AI_Run) refers to network.o(i.ai_network_run) for ai_network_run
    main.o(i.AI_Run) refers to network.o(i.ai_network_get_error) for ai_network_get_error
    main.o(i.AI_Run) refers to printfa.o(i.__0printf) for __2printf
    main.o(i.AI_Run) refers to printfa.o(i.__0sprintf) for __2sprintf
    main.o(i.AI_Run) refers to main.o(i.Uart_send) for Uart_send
    main.o(i.AI_Run) refers to main.o(.data) for .data
    main.o(i.AI_Run) refers to main.o(.bss) for .bss
    main.o(i.HAL_UART_RxCpltCallback) refers to stm32f7xx_hal_uart.o(i.HAL_UART_Receive_IT) for HAL_UART_Receive_IT
    main.o(i.HAL_UART_RxCpltCallback) refers to main.o(.data) for .data
    main.o(i.HAL_UART_RxCpltCallback) refers to main.o(.bss) for .bss
    main.o(i.MX_USART1_UART_Init) refers to stm32f7xx_hal_uart.o(i.HAL_UART_Init) for HAL_UART_Init
    main.o(i.MX_USART1_UART_Init) refers to main.o(.bss) for .bss
    main.o(i.SystemClock_Config) refers to memseta.o(.text) for __aeabi_memclr4
    main.o(i.SystemClock_Config) refers to stm32f7xx_hal_rcc.o(i.HAL_RCC_OscConfig) for HAL_RCC_OscConfig
    main.o(i.SystemClock_Config) refers to stm32f7xx_hal_pwr_ex.o(i.HAL_PWREx_EnableOverDrive) for HAL_PWREx_EnableOverDrive
    main.o(i.SystemClock_Config) refers to stm32f7xx_hal_rcc.o(i.HAL_RCC_ClockConfig) for HAL_RCC_ClockConfig
    main.o(i.Uart_send) refers to strlen.o(.text) for strlen
    main.o(i.Uart_send) refers to stm32f7xx_hal_uart.o(i.HAL_UART_Transmit) for HAL_UART_Transmit
    main.o(i.Uart_send) refers to main.o(.bss) for .bss
    main.o(i.__io_putchar) refers to stm32f7xx_hal_uart.o(i.HAL_UART_Transmit) for HAL_UART_Transmit
    main.o(i.__io_putchar) refers to main.o(.bss) for .bss
    main.o(i.main) refers to stm32f7xx_hal.o(i.HAL_Init) for HAL_Init
    main.o(i.main) refers to main.o(i.SystemClock_Config) for SystemClock_Config
    main.o(i.main) refers to stm32f7xx_hal_crc.o(i.HAL_CRC_Init) for HAL_CRC_Init
    main.o(i.main) refers to main.o(i.MX_USART1_UART_Init) for MX_USART1_UART_Init
    main.o(i.main) refers to main.o(i.AI_Init) for AI_Init
    main.o(i.main) refers to memseta.o(.text) for __aeabi_memclr4
    main.o(i.main) refers to stm32f7xx_hal_uart.o(i.HAL_UART_Receive_IT) for HAL_UART_Receive_IT
    main.o(i.main) refers to main.o(i.Uart_send) for Uart_send
    main.o(i.main) refers to main.o(i.PictureCharArrayToFloat) for PictureCharArrayToFloat
    main.o(i.main) refers to main.o(i.AI_Run) for AI_Run
    main.o(i.main) refers to main.o(.bss) for .bss
    main.o(i.main) refers to main.o(.data) for .data
    main.o(.constdata) refers to main.o(.bss) for activations
    stm32f7xx_it.o(i.SysTick_Handler) refers to stm32f7xx_hal.o(i.HAL_IncTick) for HAL_IncTick
    stm32f7xx_it.o(i.USART1_IRQHandler) refers to stm32f7xx_hal_uart.o(i.HAL_UART_IRQHandler) for HAL_UART_IRQHandler
    stm32f7xx_it.o(i.USART1_IRQHandler) refers to main.o(.bss) for huart1
[...]
    .constdata                               0x0800e95c   Section       48  expf.o(.constdata)
    twotokover4top                           0x0800e95c   Data          16  expf.o(.constdata)
    twotokover4bot                           0x0800e96c   Data          16  expf.o(.constdata)
    twotokover4all                           0x0800e97c   Data          16  expf.o(.constdata)
    .data                                    0x20000000   Section       16  main.o(.data)
    .data                                    0x20000010   Section       12  stm32f7xx_hal.o(.data)
    .data                                    0x2000001c   Section        4  system_stm32f7xx.o(.data)
    .data                                    0x20000020   Section       16  network.o(.data)
    <Data1>                                  0x20000020   Data          16  network.o(.data)
    .data                                    0x20000030   Section       16  network.o(.data)
    <Data2>                                  0x20000030   Data          16  network.o(.data)
    .data                                    0x20000040   Section       16  network.o(.data)
    <Data3>                                  0x20000040   Data          16  network.o(.data)
    .data                                    0x20000050   Section       16  network.o(.data)
    <Data4>                                  0x20000050   Data          16  network.o(.data)
    .data                                    0x20000060   Section       16  network.o(.data)
    <Data5>                                  0x20000060   Data          16  network.o(.data)
    .data                                    0x20000070   Section       16  network.o(.data)
    <Data6>                                  0x20000070   Data          16  network.o(.data)
    .data                                    0x20000080   Section       16  network.o(.data)
    <Data7>                                  0x20000080   Data          16  network.o(.data)
    .data                                    0x20000090   Section       16  network.o(.data)
    <Data8>                                  0x20000090   Data          16  network.o(.data)
    .data                                    0x200000a0   Section       16  network.o(.data)
    <Data9>                                  0x200000a0   Data          16  network.o(.data)
    .data                                    0x200000b0   Section       16  network.o(.data)
    <Data10>                                 0x200000b0   Data          16  network.o(.data)
    .data                                    0x200000c0   Section       16  network.o(.data)
    <Data11>                                 0x200000c0   Data          16  network.o(.data)
    .data                                    0x200000d0   Section       16  network.o(.data)
    <Data12>                                 0x200000d0   Data          16  network.o(.data)
    .data                                    0x200000e0   Section       16  network.o(.data)
    <Data13>                                 0x200000e0   Data          16  network.o(.data)
    .data                                    0x200000f0   Section       16  network.o(.data)
    <Data14>                                 0x200000f0   Data          16  network.o(.data)
    .data                                    0x20000100   Section       16  network.o(.data)
    <Data15>                                 0x20000100   Data          16  network.o(.data)
    .data                                    0x20000110   Section       16  network.o(.data)
    <Data16>                                 0x20000110   Data          16  network.o(.data)
    .data                                    0x20000120   Section       16  network.o(.data)
    <Data17>                                 0x20000120   Data          16  network.o(.data)
    .data                                    0x20000130   Section       16  network.o(.data)
    <Data18>                                 0x20000130   Data          16  network.o(.data)
    .data                                    0x20000140   Section       16  network.o(.data)
    <Data19>                                 0x20000140   Data          16  network.o(.data)
    .data                                    0x20000150   Section       16  network.o(.data)
    <Data20>                                 0x20000150   Data          16  network.o(.data)
    .data                                    0x20000160   Section       16  network.o(.data)
    <Data21>                                 0x20000160   Data          16  network.o(.data)
    .data                                    0x20000170   Section       16  network.o(.data)
    <Data22>                                 0x20000170   Data          16  network.o(.data)
    .data                                    0x20000180   Section       16  network.o(.data)
    <Data23>                                 0x20000180   Data          16  network.o(.data)
    .data                                    0x20000190   Section       16  network.o(.data)
    <Data24>                                 0x20000190   Data          16  network.o(.data)
    .data                                    0x200001a0   Section        4  network.o(.data)
    <Data25>                                 0x200001a0   Data           4  network.o(.data)
    .data                                    0x200001a4   Section        4  network.o(.data)
    <Data26>                                 0x200001a4   Data           4  network.o(.data)
    .data                                    0x200001a8   Section        4  network.o(.data)
    <Data27>                                 0x200001a8   Data           4  network.o(.data)
    .data                                    0x200001ac   Section        4  network.o(.data)
    <Data28>                                 0x200001ac   Data           4  network.o(.data)
    .data                                    0x200001b0   Section       48  network.o(.data)
    <Data29>                                 0x200001b0   Data          48  network.o(.data)
    .data                                    0x200001e0   Section        4  network.o(.data)
    <Data30>                                 0x200001e0   Data           4  network.o(.data)
    .data                                    0x200001e4   Section        4  network.o(.data)
    <Data31>                                 0x200001e4   Data           4  network.o(.data)
    .data                                    0x200001e8   Section        8  network.o(.data)
    <Data32>                                 0x200001e8   Data           8  network.o(.data)
    .data                                    0x200001f0   Section        4  network.o(.data)
    <Data33>                                 0x200001f0   Data           4  network.o(.data)
    .data                                    0x200001f4   Section       48  network.o(.data)
    <Data34>                                 0x200001f4   Data          48  network.o(.data)
    .data                                    0x20000224   Section        4  network.o(.data)
    <Data35>                                 0x20000224   Data           4  network.o(.data)
    .data                                    0x20000228   Section        4  network.o(.data)
    <Data36>                                 0x20000228   Data           4  network.o(.data)
    .data                                    0x2000022c   Section       36  network.o(.data)
    <Data37>                                 0x2000022c   Data          36  network.o(.data)
    .data                                    0x20000250   Section        4  network.o(.data)
    <Data38>                                 0x20000250   Data           4  network.o(.data)
    .data                                    0x20000254   Section       48  network.o(.data)
    <Data39>                                 0x20000254   Data          48  network.o(.data)
    .data                                    0x20000284   Section       16  network.o(.data)
    <Data40>                                 0x20000284   Data          16  network.o(.data)
    .data                                    0x20000294   Section       28  network.o(.data)
    <Data41>                                 0x20000294   Data          28  network.o(.data)
    .data                                    0x200002b0   Section       16  network.o(.data)
    <Data42>                                 0x200002b0   Data          16  network.o(.data)
    .data                                    0x200002c0   Section       28  network.o(.data)
    <Data43>                                 0x200002c0   Data          28  network.o(.data)
    .data                                    0x200002dc   Section        4  network.o(.data)
    <Data44>                                 0x200002dc   Data           4  network.o(.data)
    .data                                    0x200002e0   Section        8  network.o(.data)
    <Data47>                                 0x200002e0   Data           8  network.o(.data)
    .data                                    0x200002e8   Section       12  network.o(.data)
    <Data48>                                 0x200002e8   Data          12  network.o(.data)
    .data                                    0x200002f4   Section        4  network.o(.data)
    <Data49>                                 0x200002f4   Data           4  network.o(.data)
    .data                                    0x200002f8   Section        8  network.o(.data)
    <Data52>                                 0x200002f8   Data           8  network.o(.data)
    .data                                    0x20000300   Section       12  network.o(.data)
    <Data53>                                 0x20000300   Data          12  network.o(.data)
    .data                                    0x2000030c   Section       24  network.o(.data)
    <Data54>                                 0x2000030c   Data          24  network.o(.data)
    .data                                    0x20000324   Section      260  network.o(.data)
    g_network_activations_map                0x20000324   Data           4  network.o(.data)
    g_network_weights_map                    0x20000328   Data           4  network.o(.data)
    lstm_0_recurrent_array                   0x2000032c   Data          16  network.o(.data)
    lstm_0_peephole_array                    0x2000033c   Data          16  network.o(.data)
    lstm_0_bias_array                        0x2000034c   Data          16  network.o(.data)
    gemm_2_weights_array                     0x2000035c   Data          16  network.o(.data)
    gemm_2_bias_array                        0x2000036c   Data          16  network.o(.data)
    lstm_0_scratch0_array                    0x2000037c   Data          16  network.o(.data)
    serving_default_fixed_input0_output_array 0x2000038c   Data          16  network.o(.data)
    lstm_0_output0_array                     0x2000039c   Data          16  network.o(.data)
    gemm_2_output_array                      0x200003ac   Data          16  network.o(.data)
    nl_3_output_array                        0x200003bc   Data          16  network.o(.data)
    lstm_0_kernel_array                      0x200003cc   Data          16  network.o(.data)
    g_network                                0x200003dc   Data          76  network.o(.data)
    .data                                    0x20000428   Section       28  network.o(.data)
    lstm_0_recurrent                         0x20000428   Data          28  network.o(.data)
    .data                                    0x20000444   Section       28  network.o(.data)
    lstm_0_peephole                          0x20000444   Data          28  network.o(.data)
    .data                                    0x20000460   Section       28  network.o(.data)
    lstm_0_bias                              0x20000460   Data          28  network.o(.data)
    .data                                    0x2000047c   Section       28  network.o(.data)
    gemm_2_weights                           0x2000047c   Data          28  network.o(.data)
    .data                                    0x20000498   Section       28  network.o(.data)
    gemm_2_bias                              0x20000498   Data          28  network.o(.data)
    .data                                    0x200004b4   Section       28  network.o(.data)
    lstm_0_scratch0                          0x200004b4   Data          28  network.o(.data)
    .data                                    0x200004d0   Section       28  network.o(.data)
    serving_default_fixed_input0_output      0x200004d0   Data          28  network.o(.data)
    .data                                    0x200004ec   Section       28  network.o(.data)
    lstm_0_output0                           0x200004ec   Data          28  network.o(.data)
    .data                                    0x20000508   Section       28  network.o(.data)
    lstm_0_output00                          0x20000508   Data          28  network.o(.data)
    .data                                    0x20000524   Section       28  network.o(.data)
    gemm_2_output                            0x20000524   Data          28  network.o(.data)
    .data                                    0x20000540   Section       28  network.o(.data)
    nl_3_output                              0x20000540   Data          28  network.o(.data)
    .data                                    0x2000055c   Section       28  network.o(.data)
    lstm_0_kernel                            0x2000055c   Data          28  network.o(.data)
    .data                                    0x20000578   Section       32  network.o(.data)
    nl_3_layer                               0x20000578   Data          32  network.o(.data)
    .data                                    0x20000598   Section       28  network.o(.data)
    gemm_2_layer                             0x20000598   Data          28  network.o(.data)
    .data                                    0x200005b4   Section       68  network.o(.data)
    lstm_0_layer                             0x200005b4   Data          68  network.o(.data)
    .data                                    0x200005f8   Section       16  network_data.o(.data)
    <Data1>                                  0x200005f8   Data          16  network_data.o(.data)
    .data                                    0x20000608   Section       16  network_data.o(.data)
    <Data2>                                  0x20000608   Data          16  network_data.o(.data)
    .data                                    0x20000618   Section       28  network_data.o(.data)
    .data                                    0x20000634   Section       28  network_data.o(.data)
    .data                                    0x20000650   Section        4  stdout.o(.data)
    .data                                    0x20000654   Section        4  mvars.o(.data)
    .data                                    0x20000658   Section        4  mvars.o(.data)
    .data                                    0x2000065c   Section        4  errno.o(.data)
    _errno                                   0x2000065c   Data           4  errno.o(.data)
    .bss                                     0x20000660   Section     4372  main.o(.bss)
    .bss                                     0x20001774   Section     5936  main.o(.bss)
    .bss                                     0x20002ea4   Section       28  network.o(.bss)
    <Data45>                                 0x20002ea4   Data          28  network.o(.bss)
    .bss                                     0x20002ec0   Section       16  network.o(.bss)
    <Data46>                                 0x20002ec0   Data          16  network.o(.bss)
    .bss                                     0x20002ed0   Section       28  network.o(.bss)
    <Data50>                                 0x20002ed0   Data          28  network.o(.bss)
    .bss                                     0x20002eec   Section       16  network.o(.bss)
    <Data51>                                 0x20002eec   Data          16  network.o(.bss)
    HEAP                                     0x20002f00   Section     2048  startup_stm32f767xx.o(HEAP)
    STACK                                    0x20003700   Section     2048  startup_stm32f767xx.o(STACK)

    Global Symbols

    Symbol Name                              Value     Ov Type        Size  Object(Section)

    BuildAttributes$$THM_ISAv4$E$P$D$K$B$S$7EM$VFPv5_D16$PE$PLD8$A:L22UL41UL21$X:L11$S22US41US21$IEEE1$IW$USESV6$~STKCKD$USESV7$~SHL$OTIME$ROPI$IEEEX$EBA8$MICROLIB$REQ8$PRES8$EABIv2 0x00000000   Number         0  anon$$obj.o ABSOLUTE
    __ARM_use_no_argv                        0x00000000   Number         0  main.o ABSOLUTE
    _printf_a                                0x00000000   Number         0  stubs.o ABSOLUTE
    _printf_c                                0x00000000   Number         0  stubs.o ABSOLUTE
    _printf_charcount                        0x00000000   Number         0  stubs.o ABSOLUTE
    _printf_d                                0x00000000   Number         0  stubs.o ABSOLUTE
    _printf_e                                0x00000000   Number         0  stubs.o ABSOLUTE
    _printf_f                                0x00000000   Number         0  stubs.o ABSOLUTE
    _printf_flags                            0x00000000   Number         0  stubs.o ABSOLUTE
    _printf_fp_dec                           0x00000000   Number         0  stubs.o ABSOLUTE
    _printf_fp_hex                           0x00000000   Number         0  stubs.o ABSOLUTE
    _printf_g                                0x00000000   Number         0  stubs.o ABSOLUTE
    _printf_i                                0x00000000   Number         0  stubs.o ABSOLUTE
    _printf_int_dec                          0x00000000   Number         0  stubs.o ABSOLUTE
    _printf_l                                0x00000000   Number         0  stubs.o ABSOLUTE
    _printf_lc                               0x00000000   Number         0  stubs.o ABSOLUTE
    _printf_ll                               0x00000000   Number         0  stubs.o ABSOLUTE
    _printf_lld                              0x00000000   Number         0  stubs.o ABSOLUTE
    _printf_lli                              0x00000000   Number         0  stubs.o ABSOLUTE
    _printf_llo                              0x00000000   Number         0  stubs.o ABSOLUTE
    _printf_llu                              0x00000000   Number         0  stubs.o ABSOLUTE
    _printf_llx                              0x00000000   Number         0  stubs.o ABSOLUTE
    _printf_longlong_dec                     0x00000000   Number         0  stubs.o ABSOLUTE
    _printf_longlong_hex                     0x00000000   Number         0  stubs.o ABSOLUTE
    _printf_longlong_oct                     0x00000000   Number         0  stubs.o ABSOLUTE
    _printf_ls                               0x00000000   Number         0  stubs.o ABSOLUTE
    _printf_mbtowc                           0x00000000   Number         0  stubs.o ABSOLUTE
    _printf_n                                0x00000000   Number         0  stubs.o ABSOLUTE
    _printf_o                                0x00000000   Number         0  stubs.o ABSOLUTE
    _printf_p                                0x00000000   Number         0  stubs.o ABSOLUTE
    _printf_percent                          0x00000000   Number         0  stubs.o ABSOLUTE
    _printf_pre_padding                      0x00000000   Number         0  stubs.o ABSOLUTE
    _printf_return_value                     0x00000000   Number         0  stubs.o ABSOLUTE
    _printf_s                                0x00000000   Number         0  stubs.o ABSOLUTE
    _printf_sizespec                         0x00000000   Number         0  stubs.o ABSOLUTE
    _printf_str                              0x00000000   Number         0  stubs.o ABSOLUTE
    _printf_truncate_signed                  0x00000000   Number         0  stubs.o ABSOLUTE
    _printf_truncate_unsigned                0x00000000   Number         0  stubs.o ABSOLUTE
    _printf_u                                0x00000000   Number         0  stubs.o ABSOLUTE
    _printf_wc                               0x00000000   Number         0  stubs.o ABSOLUTE
    _printf_wctomb                           0x00000000   Number         0  stubs.o ABSOLUTE
    _printf_widthprec                        0x00000000   Number         0  stubs.o ABSOLUTE
    _printf_x                                0x00000000   Number         0  stubs.o ABSOLUTE
    __cpp_initialize__aeabi_                  - Undefined Weak Reference
    __cxa_finalize                            - Undefined Weak Reference
    _clock_init                               - Undefined Weak Reference
    _microlib_exit                            - Undefined Weak Reference
    __Vectors_Size                           0x000001f8   Number         0  startup_stm32f767xx.o ABSOLUTE
    __Vectors                                0x08000000   Data           4  startup_stm32f767xx.o(RESET)
    __Vectors_End                            0x080001f8   Data           0  startup_stm32f767xx.o(RESET)
    __main                                   0x080001f9   Thumb Code     0  entry.o(.ARM.Collect$$$$00000000)
    _main_stk                                0x080001f9   Thumb Code     0  entry2.o(.ARM.Collect$$$$00000001)
    _main_scatterload                        0x080001fd   Thumb Code     0  entry5.o(.ARM.Collect$$$$00000004)
    __main_after_scatterload                 0x08000201   Thumb Code     0  entry5.o(.ARM.Collect$$$$00000004)
    _main_clock                              0x08000201   Thumb Code     0  entry7b.o(.ARM.Collect$$$$00000008)
    _main_cpp_init                           0x08000201   Thumb Code     0  entry8b.o(.ARM.Collect$$$$0000000A)
    _main_init                               0x08000201   Thumb Code     0  entry9a.o(.ARM.Collect$$$$0000000B)
    __rt_final_cpp                           0x08000209   Thumb Code     0  entry10a.o(.ARM.Collect$$$$0000000D)
    __rt_final_exit                          0x08000209   Thumb Code     0  entry11a.o(.ARM.Collect$$$$0000000F)
    Reset_Handler                            0x0800020d   Thumb Code     8  startup_stm32f767xx.o(.text)
    ADC_IRQHandler                           0x08000227   Thumb Code     0  startup_stm32f767xx.o(.text)
    CAN1_RX0_IRQHandler                      0x08000227   Thumb Code     0  startup_stm32f767xx.o(.text)
    CAN1_RX1_IRQHandler                      0x08000227   Thumb Code     0  startup_stm32f767xx.o(.text)
    CAN1_SCE_IRQHandler                      0x08000227   Thumb Code     0  startup_stm32f767xx.o(.text)
    CAN1_TX_IRQHandler                       0x08000227   Thumb Code     0  startup_stm32f767xx.o(.text)
    CAN2_RX0_IRQHandler                      0x08000227   Thumb Code     0  startup_stm32f767xx.o(.text)
    CAN2_RX1_IRQHandler                      0x08000227   Thumb Code     0  startup_stm32f767xx.o(.text)
    CAN2_SCE_IRQHandler                      0x08000227   Thumb Code     0  startup_stm32f767xx.o(.text)
    CAN2_TX_IRQHandler                       0x08000227   Thumb Code     0  startup_stm32f767xx.o(.text)
    CAN3_RX0_IRQHandler                      0x08000227   Thumb Code     0  startup_stm32f767xx.o(.text)
    CAN3_RX1_IRQHandler                      0x08000227   Thumb Code     0  startup_stm32f767xx.o(.text)
    CAN3_SCE_IRQHandler                      0x08000227   Thumb Code     0  startup_stm32f767xx.o(.text)
    CAN3_TX_IRQHandler                       0x08000227   Thumb Code     0  startup_stm32f767xx.o(.text)
    CEC_IRQHandler                           0x08000227   Thumb Code     0  startup_stm32f767xx.o(.text)
    DCMI_IRQHandler                          0x08000227   Thumb Code     0  startup_stm32f767xx.o(.text)
    DFSDM1_FLT0_IRQHandler                   0x08000227   Thumb Code     0  startup_stm32f767xx.o(.text)
    DFSDM1_FLT1_IRQHandler                   0x08000227   Thumb Code     0  startup_stm32f767xx.o(.text)
    DFSDM1_FLT2_IRQHandler                   0x08000227   Thumb Code     0  startup_stm32f767xx.o(.text)
    DFSDM1_FLT3_IRQHandler                   0x08000227   Thumb Code     0  startup_stm32f767xx.o(.text)
    DMA1_Stream0_IRQHandler                  0x08000227   Thumb Code     0  startup_stm32f767xx.o(.text)
    DMA1_Stream1_IRQHandler                  0x08000227   Thumb Code     0  startup_stm32f767xx.o(.text)
    DMA1_Stream2_IRQHandler                  0x08000227   Thumb Code     0  startup_stm32f767xx.o(.text)
    DMA1_Stream3_IRQHandler                  0x08000227   Thumb Code     0  startup_stm32f767xx.o(.text)
    DMA1_Stream4_IRQHandler                  0x08000227   Thumb Code     0  startup_stm32f767xx.o(.text)
    DMA1_Stream5_IRQHandler                  0x08000227   Thumb Code     0  startup_stm32f767xx.o(.text)
    DMA1_Stream6_IRQHandler                  0x08000227   Thumb Code     0  startup_stm32f767xx.o(.text)
    DMA1_Stream7_IRQHandler                  0x08000227   Thumb Code     0  startup_stm32f767xx.o(.text)
    DMA2D_IRQHandler                         0x08000227   Thumb Code     0  startup_stm32f767xx.o(.text)
    DMA2_Stream0_IRQHandler                  0x08000227   Thumb Code     0  startup_stm32f767xx.o(.text)
    DMA2_Stream1_IRQHandler                  0x08000227   Thumb Code     0  startup_stm32f767xx.o(.text)
    DMA2_Stream2_IRQHandler                  0x08000227   Thumb Code     0  startup_stm32f767xx.o(.text)
    DMA2_Stream3_IRQHandler                  0x08000227   Thumb Code     0  startup_stm32f767xx.o(.text)
    DMA2_Stream4_IRQHandler                  0x08000227   Thumb Code     0  startup_stm32f767xx.o(.text)
    DMA2_Stream5_IRQHandler                  0x08000227   Thumb Code     0  startup_stm32f767xx.o(.text)
    DMA2_Stream6_IRQHandler                  0x08000227   Thumb Code     0  startup_stm32f767xx.o(.text)
    DMA2_Stream7_IRQHandler                  0x08000227   Thumb Code     0  startup_stm32f767xx.o(.text)
    ETH_IRQHandler                           0x08000227   Thumb Code     0  startup_stm32f767xx.o(.text)
    ETH_WKUP_IRQHandler                      0x08000227   Thumb Code     0  startup_stm32f767xx.o(.text)
    EXTI0_IRQHandler                         0x08000227   Thumb Code     0  startup_stm32f767xx.o(.text)
    EXTI15_10_IRQHandler                     0x08000227   Thumb Code     0  startup_stm32f767xx.o(.text)
    EXTI1_IRQHandler                         0x08000227   Thumb Code     0  startup_stm32f767xx.o(.text)
    EXTI2_IRQHandler                         0x08000227   Thumb Code     0  startup_stm32f767xx.o(.text)
    EXTI3_IRQHandler                         0x08000227   Thumb Code     0  startup_stm32f767xx.o(.text)
    EXTI4_IRQHandler                         0x08000227   Thumb Code     0  startup_stm32f767xx.o(.text)
    EXTI9_5_IRQHandler                       0x08000227   Thumb Code     0  startup_stm32f767xx.o(.text)
    FLASH_IRQHandler                         0x08000227   Thumb Code     0  startup_stm32f767xx.o(.text)
    FMC_IRQHandler                           0x08000227   Thumb Code     0  startup_stm32f767xx.o(.text)
    FPU_IRQHandler                           0x08000227   Thumb Code     0  startup_stm32f767xx.o(.text)
    I2C1_ER_IRQHandler                       0x08000227   Thumb Code     0  startup_stm32f767xx.o(.text)
    I2C1_EV_IRQHandler                       0x08000227   Thumb Code     0  startup_stm32f767xx.o(.text)
    I2C2_ER_IRQHandler                       0x08000227   Thumb Code     0  startup_stm32f767xx.o(.text)
    I2C2_EV_IRQHandler                       0x08000227   Thumb Code     0  startup_stm32f767xx.o(.text)
    I2C3_ER_IRQHandler                       0x08000227   Thumb Code     0  startup_stm32f767xx.o(.text)
    I2C3_EV_IRQHandler                       0x08000227   Thumb Code     0  startup_stm32f767xx.o(.text)
    I2C4_ER_IRQHandler                       0x08000227   Thumb Code     0  startup_stm32f767xx.o(.text)
    I2C4_EV_IRQHandler                       0x08000227   Thumb Code     0  startup_stm32f767xx.o(.text)
    JPEG_IRQHandler                          0x08000227   Thumb Code     0  startup_stm32f767xx.o(.text)
    LPTIM1_IRQHandler                        0x08000227   Thumb Code     0  startup_stm32f767xx.o(.text)
    LTDC_ER_IRQHandler                       0x08000227   Thumb Code     0  startup_stm32f767xx.o(.text)
    LTDC_IRQHandler                          0x08000227   Thumb Code     0  startup_stm32f767xx.o(.text)
    MDIOS_IRQHandler                         0x08000227   Thumb Code     0  startup_stm32f767xx.o(.text)
    OTG_FS_IRQHandler                        0x08000227   Thumb Code     0  startup_stm32f767xx.o(.text)
    OTG_FS_WKUP_IRQHandler                   0x08000227   Thumb Code     0  startup_stm32f767xx.o(.text)
    OTG_HS_EP1_IN_IRQHandler                 0x08000227   Thumb Code     0  startup_stm32f767xx.o(.text)
    OTG_HS_EP1_OUT_IRQHandler                0x08000227   Thumb Code     0  startup_stm32f767xx.o(.text)
    OTG_HS_IRQHandler                        0x08000227   Thumb Code     0  startup_stm32f767xx.o(.text)
    OTG_HS_WKUP_IRQHandler                   0x08000227   Thumb Code     0  startup_stm32f767xx.o(.text)
    PVD_IRQHandler                           0x08000227   Thumb Code     0  startup_stm32f767xx.o(.text)
    QUADSPI_IRQHandler                       0x08000227   Thumb Code     0  startup_stm32f767xx.o(.text)
    RCC_IRQHandler                           0x08000227   Thumb Code     0  startup_stm32f767xx.o(.text)
    RNG_IRQHandler                           0x08000227   Thumb Code     0  startup_stm32f767xx.o(.text)
    RTC_Alarm_IRQHandler                     0x08000227   Thumb Code     0  startup_stm32f767xx.o(.text)
    RTC_WKUP_IRQHandler                      0x08000227   Thumb Code     0  startup_stm32f767xx.o(.text)
    SAI1_IRQHandler                          0x08000227   Thumb Code     0  startup_stm32f767xx.o(.text)
    SAI2_IRQHandler                          0x08000227   Thumb Code     0  startup_stm32f767xx.o(.text)
    SDMMC1_IRQHandler                        0x08000227   Thumb Code     0  startup_stm32f767xx.o(.text)
    SDMMC2_IRQHandler                        0x08000227   Thumb Code     0  startup_stm32f767xx.o(.text)
    SPDIF_RX_IRQHandler                      0x08000227   Thumb Code     0  startup_stm32f767xx.o(.text)
    SPI1_IRQHandler                          0x08000227   Thumb Code     0  startup_stm32f767xx.o(.text)
    SPI2_IRQHandler                          0x08000227   Thumb Code     0  startup_stm32f767xx.o(.text)
    SPI3_IRQHandler                          0x08000227   Thumb Code     0  startup_stm32f767xx.o(.text)
    SPI4_IRQHandler                          0x08000227   Thumb Code     0  startup_stm32f767xx.o(.text)
    SPI5_IRQHandler                          0x08000227   Thumb Code     0  startup_stm32f767xx.o(.text)
    SPI6_IRQHandler                          0x08000227   Thumb Code     0  startup_stm32f767xx.o(.text)
    TAMP_STAMP_IRQHandler                    0x08000227   Thumb Code     0  startup_stm32f767xx.o(.text)
    TIM1_BRK_TIM9_IRQHandler                 0x08000227   Thumb Code     0  startup_stm32f767xx.o(.text)
    TIM1_CC_IRQHandler                       0x08000227   Thumb Code     0  startup_stm32f767xx.o(.text)
    TIM1_TRG_COM_TIM11_IRQHandler            0x08000227   Thumb Code     0  startup_stm32f767xx.o(.text)
    TIM1_UP_TIM10_IRQHandler                 0x08000227   Thumb Code     0  startup_stm32f767xx.o(.text)
    TIM2_IRQHandler                          0x08000227   Thumb Code     0  startup_stm32f767xx.o(.text)
    TIM3_IRQHandler                          0x08000227   Thumb Code     0  startup_stm32f767xx.o(.text)
    TIM4_IRQHandler                          0x08000227   Thumb Code     0  startup_stm32f767xx.o(.text)
    TIM5_IRQHandler                          0x08000227   Thumb Code     0  startup_stm32f767xx.o(.text)
    TIM6_DAC_IRQHandler                      0x08000227   Thumb Code     0  startup_stm32f767xx.o(.text)
    TIM7_IRQHandler                          0x08000227   Thumb Code     0  startup_stm32f767xx.o(.text)
    TIM8_BRK_TIM12_IRQHandler                0x08000227   Thumb Code     0  startup_stm32f767xx.o(.text)
    TIM8_CC_IRQHandler                       0x08000227   Thumb Code     0  startup_stm32f767xx.o(.text)
    TIM8_TRG_COM_TIM14_IRQHandler            0x08000227   Thumb Code     0  startup_stm32f767xx.o(.text)
    TIM8_UP_TIM13_IRQHandler                 0x08000227   Thumb Code     0  startup_stm32f767xx.o(.text)
    UART4_IRQHandler                         0x08000227   Thumb Code     0  startup_stm32f767xx.o(.text)
    UART5_IRQHandler                         0x08000227   Thumb Code     0  startup_stm32f767xx.o(.text)
    UART7_IRQHandler                         0x08000227   Thumb Code     0  startup_stm32f767xx.o(.text)
    UART8_IRQHandler                         0x08000227   Thumb Code     0  startup_stm32f767xx.o(.text)
    USART2_IRQHandler                        0x08000227   Thumb Code     0  startup_stm32f767xx.o(.text)
    USART3_IRQHandler                        0x08000227   Thumb Code     0  startup_stm32f767xx.o(.text)
    USART6_IRQHandler                        0x08000227   Thumb Code     0  startup_stm32f767xx.o(.text)
    WWDG_IRQHandler                          0x08000227   Thumb Code     0  startup_stm32f767xx.o(.text)
    __aeabi_uldivmod                         0x08000231   Thumb Code    98  uldiv.o(.text)
    __aeabi_memcpy                           0x08000293   Thumb Code    36  memcpya.o(.text)
    __aeabi_memcpy4                          0x08000293   Thumb Code     0  memcpya.o(.text)
    __aeabi_memcpy8                          0x08000293   Thumb Code     0  memcpya.o(.text)
    __aeabi_memset                           0x080002b7   Thumb Code    14  memseta.o(.text)
    __aeabi_memset4                          0x080002b7   Thumb Code     0  memseta.o(.text)
    __aeabi_memset8                          0x080002b7   Thumb Code     0  memseta.o(.text)
    __aeabi_memclr                           0x080002c5   Thumb Code     4  memseta.o(.text)
    __aeabi_memclr4                          0x080002c5   Thumb Code     0  memseta.o(.text)
    __aeabi_memclr8                          0x080002c5   Thumb Code     0  memseta.o(.text)
    _memset$wrapper                          0x080002c9   Thumb Code    18  memseta.o(.text)
    strlen                                   0x080002db   Thumb Code    14  strlen.o(.text)
    memcmp                                   0x080002e9   Thumb Code    26  memcmp.o(.text)
    __aeabi_uidiv                            0x08000303   Thumb Code     0  uidiv.o(.text)
    __aeabi_uidivmod                         0x08000303   Thumb Code    44  uidiv.o(.text)
    __aeabi_llsl                             0x0800032f   Thumb Code    30  llshl.o(.text)
    _ll_shift_l                              0x0800032f   Thumb Code     0  llshl.o(.text)
    __aeabi_llsr                             0x0800034d   Thumb Code    32  llushr.o(.text)
    _ll_ushift_r                             0x0800034d   Thumb Code     0  llushr.o(.text)
    __I$use$fp                               0x0800036d   Thumb Code     0  iusefp.o(.text)
    __aeabi_dadd                             0x0800036d   Thumb Code   322  dadd.o(.text)
    __aeabi_dsub                             0x080004af   Thumb Code     6  dadd.o(.text)
    __aeabi_drsub                            0x080004b5   Thumb Code     6  dadd.o(.text)
    __aeabi_dmul                             0x080004bb   Thumb Code   228  dmul.o(.text)
    __aeabi_ddiv                             0x0800059f   Thumb Code   222  ddiv.o(.text)
    __aeabi_d2ulz                            0x0800067d   Thumb Code    48  dfixul.o(.text)
    __aeabi_cdrcmple                         0x080006ad   Thumb Code    48  cdrcmple.o(.text)
    __scatterload                            0x080006dd   Thumb Code    28  init.o(.text)
    __scatterload_rt2                        0x080006dd   Thumb Code     0  init.o(.text)
    __aeabi_lasr                             0x08000701   Thumb Code    36  llsshr.o(.text)
    __semihosting_library_function           0x08000701   Thumb Code     0  semi.o(.text)
    _ll_sshift_r                             0x08000701   Thumb Code     0  llsshr.o(.text)
    __I$use$semihosting$fputc                0x08000725   Thumb Code     0  iusesemip.o(.text)
    _double_round                            0x08000725   Thumb Code    30  depilogue.o(.text)
    _double_epilogue                         0x08000743   Thumb Code   156  depilogue.o(.text)
    __decompress                             0x080007df   Thumb Code     0  __dczerorl2.o(.text)
    __decompress1                            0x080007df   Thumb Code    86  __dczerorl2.o(.text)
    BusFault_Handler                         0x08000995   Thumb Code     2  stm32f7xx_it.o(i.BusFault_Handler)
    DebugMon_Handler                         0x08000b89   Thumb Code     2  stm32f7xx_it.o(i.DebugMon_Handler)
    HAL_CRCEx_Polynomial_Set                 0x08000b8b   Thumb Code    84  stm32f7xx_hal_crc_ex.o(i.HAL_CRCEx_Polynomial_Set)
    HAL_CRC_Init                             0x08000be1   Thumb Code   114  stm32f7xx_hal_crc.o(i.HAL_CRC_Init)
    HAL_CRC_MspInit                          0x08000c59   Thumb Code    30  stm32f7xx_hal_msp.o(i.HAL_CRC_MspInit)
    HAL_DMA_Abort                            0x08000c81   Thumb Code   146  stm32f7xx_hal_dma.o(i.HAL_DMA_Abort)
    HAL_DMA_Abort_IT                         0x08000d13   Thumb Code    36  stm32f7xx_hal_dma.o(i.HAL_DMA_Abort_IT)
    HAL_GPIO_Init                            0x08000d39   Thumb Code   530  stm32f7xx_hal_gpio.o(i.HAL_GPIO_Init)
    HAL_GetTick                              0x08000f81   Thumb Code     6  stm32f7xx_hal.o(i.HAL_GetTick)
    HAL_IncTick                              0x08000f8d   Thumb Code    12  stm32f7xx_hal.o(i.HAL_IncTick)
    HAL_Init                                 0x08000f9d   Thumb Code    22  stm32f7xx_hal.o(i.HAL_Init)
    HAL_InitTick                             0x08000fb5   Thumb Code    54  stm32f7xx_hal.o(i.HAL_InitTick)
    HAL_MspInit                              0x08000ff5   Thumb Code    42  stm32f7xx_hal_msp.o(i.HAL_MspInit)
    HAL_NVIC_EnableIRQ                       0x08001025   Thumb Code    26  stm32f7xx_hal_cortex.o(i.HAL_NVIC_EnableIRQ)
    HAL_NVIC_SetPriority                     0x08001041   Thumb Code    60  stm32f7xx_hal_cortex.o(i.HAL_NVIC_SetPriority)
    HAL_NVIC_SetPriorityGrouping             0x08001081   Thumb Code    28  stm32f7xx_hal_cortex.o(i.HAL_NVIC_SetPriorityGrouping)
    HAL_PWREx_EnableOverDrive                0x080010a5   Thumb Code   100  stm32f7xx_hal_pwr_ex.o(i.HAL_PWREx_EnableOverDrive)
    HAL_RCC_ClockConfig                      0x08001111   Thumb Code   284  stm32f7xx_hal_rcc.o(i.HAL_RCC_ClockConfig)
    HAL_RCC_GetPCLK1Freq                     0x08001241   Thumb Code    20  stm32f7xx_hal_rcc.o(i.HAL_RCC_GetPCLK1Freq)
    HAL_RCC_GetPCLK2Freq                     0x08001261   Thumb Code    20  stm32f7xx_hal_rcc.o(i.HAL_RCC_GetPCLK2Freq)
    HAL_RCC_GetSysClockFreq                  0x08001281   Thumb Code    88  stm32f7xx_hal_rcc.o(i.HAL_RCC_GetSysClockFreq)
    HAL_RCC_OscConfig                        0x080012e1   Thumb Code   906  stm32f7xx_hal_rcc.o(i.HAL_RCC_OscConfig)
    HAL_SYSTICK_Config                       0x08001679   Thumb Code    38  stm32f7xx_hal_cortex.o(i.HAL_SYSTICK_Config)
    HAL_UARTEx_RxEventCallback               0x0800169f   Thumb Code     2  stm32f7xx_hal_uart.o(i.HAL_UARTEx_RxEventCallback)
    HAL_UARTEx_WakeupCallback                0x080016a1   Thumb Code     2  stm32f7xx_hal_uart.o(i.HAL_UARTEx_WakeupCallback)
    HAL_UART_ErrorCallback                   0x080016a3   Thumb Code     2  stm32f7xx_hal_uart.o(i.HAL_UART_ErrorCallback)
    HAL_UART_IRQHandler                      0x080016a5   Thumb Code   700  stm32f7xx_hal_uart.o(i.HAL_UART_IRQHandler)
    HAL_UART_Init                            0x08001969   Thumb Code   102  stm32f7xx_hal_uart.o(i.HAL_UART_Init)
    HAL_UART_MspInit                         0x080019d1   Thumb Code   104  stm32f7xx_hal_msp.o(i.HAL_UART_MspInit)
    HAL_UART_Receive_IT                      0x08001a45   Thumb Code    60  stm32f7xx_hal_uart.o(i.HAL_UART_Receive_IT)
    HAL_UART_RxCpltCallback                  0x08001a81   Thumb Code    52  main.o(i.HAL_UART_RxCpltCallback)
    HAL_UART_Transmit                        0x08001ac1   Thumb Code   166  stm32f7xx_hal_uart.o(i.HAL_UART_Transmit)
    HAL_UART_TxCpltCallback                  0x08001b67   Thumb Code     2  stm32f7xx_hal_uart.o(i.HAL_UART_TxCpltCallback)
    HardFault_Handler                        0x08001b69   Thumb Code     2  stm32f7xx_it.o(i.HardFault_Handler)
    MemManage_Handler                        0x08001ba5   Thumb Code     2  stm32f7xx_it.o(i.MemManage_Handler)
    NMI_Handler                              0x08001ba7   Thumb Code     2  stm32f7xx_it.o(i.NMI_Handler)
    PendSV_Handler                           0x08001ba9   Thumb Code     2  stm32f7xx_it.o(i.PendSV_Handler)
    PictureCharArrayToFloat                  0x08001bab   Thumb Code    32  main.o(i.PictureCharArrayToFloat)
    SVC_Handler                              0x08001bcb   Thumb Code     2  stm32f7xx_it.o(i.SVC_Handler)
    SysTick_Handler                          0x08001bcd   Thumb Code     4  stm32f7xx_it.o(i.SysTick_Handler)
    SystemClock_Config                       0x08001bd1   Thumb Code   150  main.o(i.SystemClock_Config)
    SystemInit                               0x08001c71   Thumb Code    12  system_stm32f7xx.o(i.SystemInit)
    UART_AdvFeatureConfig                    0x08001c81   Thumb Code   200  stm32f7xx_hal_uart.o(i.UART_AdvFeatureConfig)
    UART_CheckIdleState                      0x08001d49   Thumb Code   166  stm32f7xx_hal_uart.o(i.UART_CheckIdleState)
    UART_SetConfig                           0x08001fc9   Thumb Code   516  stm32f7xx_hal_uart.o(i.UART_SetConfig)
    UART_Start_Receive_IT                    0x080021f9   Thumb Code   174  stm32f7xx_hal_uart.o(i.UART_Start_Receive_IT)
    UART_WaitOnFlagUntilTimeout              0x080022b1   Thumb Code   148  stm32f7xx_hal_uart.o(i.UART_WaitOnFlagUntilTimeout)
    USART1_IRQHandler                        0x08002345   Thumb Code     6  stm32f7xx_it.o(i.USART1_IRQHandler)
    Uart_send                                0x08002351   Thumb Code    26  main.o(i.Uart_send)
    UsageFault_Handler                       0x08002371   Thumb Code     2  stm32f7xx_it.o(i.UsageFault_Handler)
    __0printf                                0x08002375   Thumb Code    22  printfa.o(i.__0printf)
    __1printf                                0x08002375   Thumb Code     0  printfa.o(i.__0printf)
    __2printf                                0x08002375   Thumb Code     0  printfa.o(i.__0printf)
    __c89printf                              0x08002375   Thumb Code     0  printfa.o(i.__0printf)
    printf                                   0x08002375   Thumb Code     0  printfa.o(i.__0printf)
    __0sprintf                               0x08002395   Thumb Code    34  printfa.o(i.__0sprintf)
    __1sprintf                               0x08002395   Thumb Code     0  printfa.o(i.__0sprintf)
    __2sprintf                               0x08002395   Thumb Code     0  printfa.o(i.__0sprintf)
    __c89sprintf                             0x08002395   Thumb Code     0  printfa.o(i.__0sprintf)
    sprintf                                  0x08002395   Thumb Code     0  printfa.o(i.__0sprintf)
    __ARM_fpclassifyf                        0x080023bd   Thumb Code    38  fpclassifyf.o(i.__ARM_fpclassifyf)
    free                                     0x080025f5   Thumb Code    88  mallocr.o(i.__free$realloc)
    __hardfp_expf                            0x08002651   Thumb Code   426  expf.o(i.__hardfp_expf)
    __mathlib_expf                           0x08002651   Thumb Code     0  expf.o(i.__hardfp_expf)
    __hardfp_tanhf                           0x08002845   Thumb Code   208  tanhf.o(i.__hardfp_tanhf)
    malloc                                   0x08002931   Thumb Code    64  mallocr.o(i.__malloc$realloc)
    __mathlib_flt_infnan                     0x08002981   Thumb Code     6  funder.o(i.__mathlib_flt_infnan)
    __mathlib_flt_overflow                   0x08002989   Thumb Code    10  funder.o(i.__mathlib_flt_overflow)
    __mathlib_flt_underflow                  0x08002999   Thumb Code    10  funder.o(i.__mathlib_flt_underflow)
    __scatterload_copy                       0x080029a9   Thumb Code    14  handlers.o(i.__scatterload_copy)
    __scatterload_null                       0x080029b7   Thumb Code     2  handlers.o(i.__scatterload_null)
    __scatterload_zeroinit                   0x080029b9   Thumb Code    14  handlers.o(i.__scatterload_zeroinit)
    __set_errno                              0x080029c9   Thumb Code     6  errno.o(i.__set_errno)
    _ai_platform_acquire_crc                 0x08002c13   Thumb Code     4  ai_platform_interface.o(i._ai_platform_acquire_crc)
    _ai_platform_release_crc                 0x08002cf9   Thumb Code     2  ai_platform_interface.o(i._ai_platform_release_crc)
    ai_array_get_byte_size                   0x08003dbd   Thumb Code    60  ai_datatypes_format.o(i.ai_array_get_byte_size)
    ai_array_get_data_byte_size              0x08003df9   Thumb Code    30  ai_datatypes_format.o(i.ai_array_get_data_byte_size)
    ai_array_to_buffer_fmt                   0x08003e19   Thumb Code   246  ai_datatypes_format.o(i.ai_array_to_buffer_fmt)
    ai_buffer_array_item_set_address         0x08003f45   Thumb Code    36  ai_platform.o(i.ai_buffer_array_item_set_address)
    ai_buffer_array_sane                     0x08003f69   Thumb Code    18  ai_platform.o(i.ai_buffer_array_sane)
    ai_buffer_get_size                       0x08003f7d   Thumb Code    96  ai_platform.o(i.ai_buffer_get_size)
    ai_check_custom_types                    0x08003fe5   Thumb Code    38  layers.o(i.ai_check_custom_types)
    ai_layers_forward_all                    0x08004011   Thumb Code    80  layers.o(i.ai_layers_forward_all)
    ai_layers_init_all                       0x08004061   Thumb Code    30  layers.o(i.ai_layers_init_all)
    ai_layers_post_init_all                  0x0800407f   Thumb Code    54  layers.o(i.ai_layers_post_init_all)
    ai_network_create                        0x080040b5   Thumb Code    20  network.o(i.ai_network_create)
    ai_network_create_and_init               0x080040cd   Thumb Code   132  network.o(i.ai_network_create_and_init)
    ai_network_data_params_get               0x08004151   Thumb Code    36  network_data.o(i.ai_network_data_params_get)
    ai_network_get_error                     0x08004179   Thumb Code     4  network.o(i.ai_network_get_error)
    ai_network_init                          0x0800417d   Thumb Code    48  network.o(i.ai_network_init)
    ai_network_inputs_get                    0x080041ad   Thumb Code    12  network.o(i.ai_network_inputs_get)
    ai_network_outputs_get                   0x080041c1   Thumb Code    12  network.o(i.ai_network_outputs_get)
    ai_network_run                           0x080041d5   Thumb Code     4  network.o(i.ai_network_run)
    ai_platform_bind_network_params          0x080041d9   Thumb Code    38  ai_platform_interface.o(i.ai_platform_bind_network_params)
    ai_platform_context_acquire              0x08004205   Thumb Code    24  ai_platform_interface.o(i.ai_platform_context_acquire)
    ai_platform_get_activations_map          0x08004221   Thumb Code    38  ai_platform_interface.o(i.ai_platform_get_activations_map)
    ai_platform_get_weights_map              0x0800424d   Thumb Code    36  ai_platform_interface.o(i.ai_platform_get_weights_map)
    ai_platform_inputs_get                   0x08004275   Thumb Code    66  ai_platform_interface.o(i.ai_platform_inputs_get)
    ai_platform_interface_api_get_version    0x080042b9   Thumb Code    14  ai_platform_interface.o(i.ai_platform_interface_api_get_version)
    ai_platform_network_create               0x080042cd   Thumb Code   168  ai_platform_interface.o(i.ai_platform_network_create)
    ai_platform_network_get_error            0x08004381   Thumb Code    24  ai_platform_interface.o(i.ai_platform_network_get_error)
    ai_platform_network_init                 0x0800439d   Thumb Code   256  ai_platform_interface.o(i.ai_platform_network_init)
    ai_platform_network_post_init            0x080044a9   Thumb Code    70  ai_platform_interface.o(i.ai_platform_network_post_init)
    ai_platform_network_process              0x080044ef   Thumb Code    84  ai_platform_interface.o(i.ai_platform_network_process)
    ai_platform_network_set_error            0x08004543   Thumb Code    12  ai_platform_interface.o(i.ai_platform_network_set_error)
    ai_platform_outputs_get                  0x0800454f   Thumb Code    72  ai_platform_interface.o(i.ai_platform_outputs_get)
    ai_version_get                           0x080045b1   Thumb Code    12  ai_datatypes_internal.o(i.ai_version_get)
    core_get_error                           0x080045d1   Thumb Code    12  core_common.o(i.core_get_error)
    core_init                                0x080045dd   Thumb Code     4  core_common.o(i.core_init)
    core_set_error                           0x080045e1   Thumb Code    26  core_common.o(i.core_set_error)
    forward_dense                            0x080045fd   Thumb Code   488  layers_conv2d_generic_float.o(i.forward_dense)
    forward_lite_dense_if32of32wf32          0x080047e9   Thumb Code   120  lite_dense_if32.o(i.forward_lite_dense_if32of32wf32)
    forward_lstm                             0x08004865   Thumb Code  1178  layers_rnn_generic_float.o(i.forward_lstm)
    forward_sm                               0x08004d09   Thumb Code   112  layers_nl_generic_float.o(i.forward_sm)
    fputc                                    0x08004d79   Thumb Code    18  fputc.o(i.fputc)
    get_tensor_byte_size                     0x08004d8d   Thumb Code    34  ai_datatypes_internal.o(i.get_tensor_byte_size)
    main                                     0x08004e05   Thumb Code   186  main.o(i.main)
    nl_func_sigmoid_array_f32                0x08004ff5   Thumb Code    72  layers_nl_generic_float.o(i.nl_func_sigmoid_array_f32)
    nl_func_tanh_array_f32                   0x0800503d   Thumb Code    48  layers_nl_generic_float.o(i.nl_func_tanh_array_f32)
    st_int8_copy                             0x0800506d   Thumb Code   132  st_int8_fill.o(i.st_int8_copy)
    st_int8_fill                             0x080050f1   Thumb Code    92  st_int8_fill.o(i.st_int8_fill)
    AHBPrescTable                            0x08005150   Data          16  system_stm32f7xx.o(.constdata)
    APBPrescTable                            0x08005160   Data           8  system_stm32f7xx.o(.constdata)
    s_network_weights_array_u64              0x08005200   Data       38360  network_data_params.o(.constdata)
    Region$$Table$$Base                      0x0800e98c   Number         0  anon$$obj.o(Region$$Table)
    Region$$Table$$Limit                     0x0800e9ac   Number         0  anon$$obj.o(Region$$Table)
    uart_rx_byte                             0x20000000   Data           1  main.o(.data)
    goRunning                                0x20000001   Data           1  main.o(.data)
    uart_rx_length                           0x20000002   Data           2  main.o(.data)
    network                                  0x20000004   Data           4  main.o(.data)
    ai_input                                 0x20000008   Data           4  main.o(.data)
    ai_output                                0x2000000c   Data           4  main.o(.data)
    uwTickFreq                               0x20000010   Data           1  stm32f7xx_hal.o(.data)
    uwTickPrio                               0x20000014   Data           4  stm32f7xx_hal.o(.data)
    uwTick                                   0x20000018   Data           4  stm32f7xx_hal.o(.data)
    SystemCoreClock                          0x2000001c   Data           4  system_stm32f7xx.o(.data)
    g_network_data_map_activations           0x20000618   Data          28  network_data.o(.data)
    g_network_data_map_weights               0x20000634   Data          28  network_data.o(.data)
    __stdout                                 0x20000650   Data           4  stdout.o(.data)
    __microlib_freelist                      0x20000654   Data           4  mvars.o(.data)
    __microlib_freelist_initialised          0x20000658   Data           4  mvars.o(.data)
    hcrc                                     0x20000660   Data          36  main.o(.bss)
    huart1                                   0x20000684   Data         136  main.o(.bss)
    aiInData                                 0x2000070c   Data        3136  main.o(.bss)
    aiOutData                                0x2000134c   Data          40  main.o(.bss)
    uart_rx_buffer                           0x20001374   Data        1024  main.o(.bss)
    activations                              0x20001774   Data        5936  main.o(.bss)
    __heap_base                              0x20002f00   Data           0  startup_stm32f767xx.o(HEAP)
    __heap_limit                             0x20003700   Data           0  startup_stm32f767xx.o(HEAP)
    __initial_sp                             0x20003f00   Data           0  startup_stm32f767xx.o(STACK)



==============================================================================

Memory Map of the image

  Image Entry point : 0x080001f9

  Load Region LR_IROM1 (Base: 0x08000000, Size: 0x0000f00c, Max: 0x00100000, ABSOLUTE, COMPRESSED[0x0000ec08])

    Execution Region ER_IROM1 (Exec base: 0x08000000, Load base: 0x08000000, Size: 0x0000e9ac, Max: 0x00100000, ABSOLUTE)

    Exec Addr    Load Addr    Size         Type   Attr      Idx    E Section Name        Object

    0x08000000   0x08000000   0x000001f8   Data   RO            3    RESET               startup_stm32f767xx.o
    0x080001f8   0x080001f8   0x00000000   Code   RO         4956  * .ARM.Collect$$$$00000000  mc_w.l(entry.o)
    0x080001f8   0x080001f8   0x00000004   Code   RO         5306    .ARM.Collect$$$$00000001  mc_w.l(entry2.o)
    0x080001fc   0x080001fc   0x00000004   Code   RO         5309    .ARM.Collect$$$$00000004  mc_w.l(entry5.o)
    0x08000200   0x08000200   0x00000000   Code   RO         5311    .ARM.Collect$$$$00000008  mc_w.l(entry7b.o)
    0x08000200   0x08000200   0x00000000   Code   RO         5313    .ARM.Collect$$$$0000000A  mc_w.l(entry8b.o)
    0x08000200   0x08000200   0x00000008   Code   RO         5314    .ARM.Collect$$$$0000000B  mc_w.l(entry9a.o)
    0x08000208   0x08000208   0x00000000   Code   RO         5316    .ARM.Collect$$$$0000000D  mc_w.l(entry10a.o)
    0x08000208   0x08000208   0x00000000   Code   RO         5318    .ARM.Collect$$$$0000000F  mc_w.l(entry11a.o)
    0x08000208   0x08000208   0x00000004   Code   RO         5307    .ARM.Collect$$$$00002712  mc_w.l(entry2.o)
    0x0800020c   0x0800020c   0x00000024   Code   RO            4    .text               startup_stm32f767xx.o
    0x08000230   0x08000230   0x00000062   Code   RO         4959    .text               mc_w.l(uldiv.o)
    0x08000292   0x08000292   0x00000024   Code   RO         4961    .text               mc_w.l(memcpya.o)
    0x080002b6   0x080002b6   0x00000024   Code   RO         4963    .text               mc_w.l(memseta.o)
    0x080002da   0x080002da   0x0000000e   Code   RO         4965    .text               mc_w.l(strlen.o)
    0x080002e8   0x080002e8   0x0000001a   Code   RO         4967    .text               mc_w.l(memcmp.o)
    0x08000302   0x08000302   0x0000002c   Code   RO         5323    .text               mc_w.l(uidiv.o)
    0x0800032e   0x0800032e   0x0000001e   Code   RO         5325    .text               mc_w.l(llshl.o)
    0x0800034c   0x0800034c   0x00000020   Code   RO         5327    .text               mc_w.l(llushr.o)
    0x0800036c   0x0800036c   0x00000000   Code   RO         5338    .text               mc_w.l(iusefp.o)
    0x0800036c   0x0800036c   0x0000014e   Code   RO         5343    .text               mf_w.l(dadd.o)
    0x080004ba   0x080004ba   0x000000e4   Code   RO         5345    .text               mf_w.l(dmul.o)
    0x0800059e   0x0800059e   0x000000de   Code   RO         5347    .text               mf_w.l(ddiv.o)
    0x0800067c   0x0800067c   0x00000030   Code   RO         5349    .text               mf_w.l(dfixul.o)
    0x080006ac   0x080006ac   0x00000030   Code   RO         5351    .text               mf_w.l(cdrcmple.o)
    0x080006dc   0x080006dc   0x00000024   Code   RO         5355    .text               mc_w.l(init.o)
    0x08000700   0x08000700   0x00000000   Code   RO         5357    .text               mc_w.l(semi.o)
    0x08000700   0x08000700   0x00000024   Code   RO         5358    .text               mc_w.l(llsshr.o)
    0x08000724   0x08000724   0x00000000   Code   RO         5360    .text               mc_w.l(iusesemip.o)
    0x08000724   0x08000724   0x000000ba   Code   RO         5363    .text               mf_w.l(depilogue.o)
    0x080007de   0x080007de   0x00000056   Code   RO         5373    .text               mc_w.l(__dczerorl2.o)
    0x08000834   0x08000834   0x00000074   Code   RO           13    i.AI_Init           main.o
    0x080008a8   0x080008a8   0x000000ec   Code   RO           14    i.AI_Run            main.o
    0x08000994   0x08000994   0x00000002   Code   RO          228    i.BusFault_Handler  stm32f7xx_it.o
    0x08000996   0x08000996   0x00000002   PAD
    0x08000998   0x08000998   0x000000f8   Code   RO         3227    i.CRC_Is_Enabled    NetworkRuntime810_CM7_Keil.lib(ai_platform_interface.o)
    0x08000a90   0x08000a90   0x000000f8   Code   RO         3228    i.CRC_Lock          NetworkRuntime810_CM7_Keil.lib(ai_platform_interface.o)
    0x08000b88   0x08000b88   0x00000002   Code   RO          229    i.DebugMon_Handler  stm32f7xx_it.o
    0x08000b8a   0x08000b8a   0x00000054   Code   RO          673    i.HAL_CRCEx_Polynomial_Set  stm32f7xx_hal_crc_ex.o
    0x08000bde   0x08000bde   0x00000002   PAD
    0x08000be0   0x08000be0   0x00000078   Code   RO          607    i.HAL_CRC_Init      stm32f7xx_hal_crc.o
    0x08000c58   0x08000c58   0x00000028   Code   RO          407    i.HAL_CRC_MspInit   stm32f7xx_hal_msp.o
    0x08000c80   0x08000c80   0x00000092   Code   RO         1120    i.HAL_DMA_Abort     stm32f7xx_hal_dma.o
    0x08000d12   0x08000d12   0x00000024   Code   RO         1121    i.HAL_DMA_Abort_IT  stm32f7xx_hal_dma.o
    0x08000d36   0x08000d36   0x00000002   PAD
    0x08000d38   0x08000d38   0x00000248   Code   RO         1054    i.HAL_GPIO_Init     stm32f7xx_hal_gpio.o
    0x08000f80   0x08000f80   0x0000000c   Code   RO         1497    i.HAL_GetTick       stm32f7xx_hal.o
    0x08000f8c   0x08000f8c   0x00000010   Code   RO         1503    i.HAL_IncTick       stm32f7xx_hal.o
    0x08000f9c   0x08000f9c   0x00000016   Code   RO         1504    i.HAL_Init          stm32f7xx_hal.o
    0x08000fb2   0x08000fb2   0x00000002   PAD
    0x08000fb4   0x08000fb4   0x00000040   Code   RO         1505    i.HAL_InitTick      stm32f7xx_hal.o
    0x08000ff4   0x08000ff4   0x00000030   Code   RO          408    i.HAL_MspInit       stm32f7xx_hal_msp.o
    0x08001024   0x08001024   0x0000001a   Code   RO          461    i.HAL_NVIC_EnableIRQ  stm32f7xx_hal_cortex.o
    0x0800103e   0x0800103e   0x00000002   PAD
    0x08001040   0x08001040   0x00000040   Code   RO          467    i.HAL_NVIC_SetPriority  stm32f7xx_hal_cortex.o
    0x08001080   0x08001080   0x00000024   Code   RO          468    i.HAL_NVIC_SetPriorityGrouping  stm32f7xx_hal_cortex.o
    0x080010a4   0x080010a4   0x0000006c   Code   RO         1394    i.HAL_PWREx_EnableOverDrive  stm32f7xx_hal_pwr_ex.o
    0x08001110   0x08001110   0x00000130   Code   RO          708    i.HAL_RCC_ClockConfig  stm32f7xx_hal_rcc.o
    0x08001240   0x08001240   0x00000020   Code   RO          715    i.HAL_RCC_GetPCLK1Freq  stm32f7xx_hal_rcc.o
    0x08001260   0x08001260   0x00000020   Code   RO          716    i.HAL_RCC_GetPCLK2Freq  stm32f7xx_hal_rcc.o
    0x08001280   0x08001280   0x00000060   Code   RO          717    i.HAL_RCC_GetSysClockFreq  stm32f7xx_hal_rcc.o
    0x080012e0   0x080012e0   0x00000398   Code   RO          720    i.HAL_RCC_OscConfig  stm32f7xx_hal_rcc.o
    0x08001678   0x08001678   0x00000026   Code   RO          472    i.HAL_SYSTICK_Config  stm32f7xx_hal_cortex.o
    0x0800169e   0x0800169e   0x00000002   Code   RO         2321    i.HAL_UARTEx_RxEventCallback  stm32f7xx_hal_uart.o
    0x080016a0   0x080016a0   0x00000002   Code   RO         2322    i.HAL_UARTEx_WakeupCallback  stm32f7xx_hal_uart.o
    0x080016a2   0x080016a2   0x00000002   Code   RO         2338    i.HAL_UART_ErrorCallback  stm32f7xx_hal_uart.o
    0x080016a4   0x080016a4   0x000002c4   Code   RO         2341    i.HAL_UART_IRQHandler  stm32f7xx_hal_uart.o
    0x08001968   0x08001968   0x00000066   Code   RO         2342    i.HAL_UART_Init     stm32f7xx_hal_uart.o
    0x080019ce   0x080019ce   0x00000002   PAD
    0x080019d0   0x080019d0   0x00000074   Code   RO          410    i.HAL_UART_MspInit  stm32f7xx_hal_msp.o
    0x08001a44   0x08001a44   0x0000003c   Code   RO         2347    i.HAL_UART_Receive_IT  stm32f7xx_hal_uart.o
    0x08001a80   0x08001a80   0x00000040   Code   RO           16    i.HAL_UART_RxCpltCallback  main.o
    0x08001ac0   0x08001ac0   0x000000a6   Code   RO         2351    i.HAL_UART_Transmit  stm32f7xx_hal_uart.o
    0x08001b66   0x08001b66   0x00000002   Code   RO         2354    i.HAL_UART_TxCpltCallback  stm32f7xx_hal_uart.o
    0x08001b68   0x08001b68   0x00000002   Code   RO          230    i.HardFault_Handler  stm32f7xx_it.o
    0x08001b6a   0x08001b6a   0x00000002   PAD
    0x08001b6c   0x08001b6c   0x00000038   Code   RO           17    i.MX_USART1_UART_Init  main.o
    0x08001ba4   0x08001ba4   0x00000002   Code   RO          231    i.MemManage_Handler  stm32f7xx_it.o
    0x08001ba6   0x08001ba6   0x00000002   Code   RO          232    i.NMI_Handler       stm32f7xx_it.o
    0x08001ba8   0x08001ba8   0x00000002   Code   RO          233    i.PendSV_Handler    stm32f7xx_it.o
    0x08001baa   0x08001baa   0x00000020   Code   RO           18    i.PictureCharArrayToFloat  main.o
    0x08001bca   0x08001bca   0x00000002   Code   RO          234    i.SVC_Handler       stm32f7xx_it.o
    0x08001bcc   0x08001bcc   0x00000004   Code   RO          235    i.SysTick_Handler   stm32f7xx_it.o
    0x08001bd0   0x08001bd0   0x000000a0   Code   RO           19    i.SystemClock_Config  main.o
    0x08001c70   0x08001c70   0x00000010   Code   RO         2795    i.SystemInit        system_stm32f7xx.o
    0x08001c80   0x08001c80   0x000000c8   Code   RO         2356    i.UART_AdvFeatureConfig  stm32f7xx_hal_uart.o
    0x08001d48   0x08001d48   0x000000a6   Code   RO         2357    i.UART_CheckIdleState  stm32f7xx_hal_uart.o
    0x08001dee   0x08001dee   0x00000010   Code   RO         2358    i.UART_DMAAbortOnError  stm32f7xx_hal_uart.o
    0x08001dfe   0x08001dfe   0x0000004c   Code   RO         2368    i.UART_EndRxTransfer  stm32f7xx_hal_uart.o
    0x08001e4a   0x08001e4a   0x000000be   Code   RO         2370    i.UART_RxISR_16BIT  stm32f7xx_hal_uart.o
    0x08001f08   0x08001f08   0x000000be   Code   RO         2371    i.UART_RxISR_8BIT   stm32f7xx_hal_uart.o
    0x08001fc6   0x08001fc6   0x00000002   PAD
    0x08001fc8   0x08001fc8   0x00000230   Code   RO         2372    i.UART_SetConfig    stm32f7xx_hal_uart.o
    0x080021f8   0x080021f8   0x000000b8   Code   RO         2374    i.UART_Start_Receive_IT  stm32f7xx_hal_uart.o
    0x080022b0   0x080022b0   0x00000094   Code   RO         2377    i.UART_WaitOnFlagUntilTimeout  stm32f7xx_hal_uart.o
    0x08002344   0x08002344   0x0000000c   Code   RO          236    i.USART1_IRQHandler  stm32f7xx_it.o
    0x08002350   0x08002350   0x00000020   Code   RO           20    i.Uart_send         main.o
    0x08002370   0x08002370   0x00000002   Code   RO          237    i.UsageFault_Handler  stm32f7xx_it.o
    0x08002372   0x08002372   0x00000002   PAD
    0x08002374   0x08002374   0x00000020   Code   RO         5204    i.__0printf         mc_w.l(printfa.o)
    0x08002394   0x08002394   0x00000028   Code   RO         5206    i.__0sprintf        mc_w.l(printfa.o)
    0x080023bc   0x080023bc   0x00000026   Code   RO         5268    i.__ARM_fpclassifyf  m_wv.l(fpclassifyf.o)
    0x080023e2   0x080023e2   0x00000022   Code   RO          474    i.__NVIC_SetPriority  stm32f7xx_hal_cortex.o
    0x08002404   0x08002404   0x000000f8   Code   RO         3532    i.__ai_math_dot_array  NetworkRuntime810_CM7_Keil.lib(layers_rnn_generic_float.o)
    0x080024fc   0x080024fc   0x000000f8   Code   RO         4134    i.__ai_math_dot_array  NetworkRuntime810_CM7_Keil.lib(lite_dense_if32.o)
    0x080025f4   0x080025f4   0x0000005c   Code   RO         5236    i.__free$realloc    mc_w.l(mallocr.o)
    0x08002650   0x08002650   0x000001f4   Code   RO         4844    i.__hardfp_expf     m_wv.l(expf.o)
    0x08002844   0x08002844   0x000000ec   Code   RO         4940    i.__hardfp_tanhf    m_wv.l(tanhf.o)
    0x08002930   0x08002930   0x00000050   Code   RO         5237    i.__malloc$realloc  mc_w.l(mallocr.o)
    0x08002980   0x08002980   0x00000006   Code   RO         5271    i.__mathlib_flt_infnan  m_wv.l(funder.o)
    0x08002986   0x08002986   0x00000002   PAD
    0x08002988   0x08002988   0x00000010   Code   RO         5274    i.__mathlib_flt_overflow  m_wv.l(funder.o)
    0x08002998   0x08002998   0x00000010   Code   RO         5276    i.__mathlib_flt_underflow  m_wv.l(funder.o)
    0x080029a8   0x080029a8   0x0000000e   Code   RO         5367    i.__scatterload_copy  mc_w.l(handlers.o)
    0x080029b6   0x080029b6   0x00000002   Code   RO         5368    i.__scatterload_null  mc_w.l(handlers.o)
    0x080029b8   0x080029b8   0x0000000e   Code   RO         5369    i.__scatterload_zeroinit  mc_w.l(handlers.o)
    0x080029c6   0x080029c6   0x00000002   PAD
    0x080029c8   0x080029c8   0x0000000c   Code   RO         5333    i.__set_errno       mc_w.l(errno.o)
    0x080029d4   0x080029d4   0x00000130   Code   RO         3310    i._ai_dict4_dot_array_f32  NetworkRuntime810_CM7_Keil.lib(layers_conv2d_generic_float.o)
    0x08002b04   0x08002b04   0x000000fc   Code   RO         3311    i._ai_dict8_dot_array_f32  NetworkRuntime810_CM7_Keil.lib(layers_conv2d_generic_float.o)
    0x08002c00   0x08002c00   0x00000012   Code   RO         4077    i._ai_forward_layer  NetworkRuntime810_CM7_Keil.lib(layers.o)
    0x08002c12   0x08002c12   0x00000004   Code   RO         3229    i._ai_platform_acquire_crc  NetworkRuntime810_CM7_Keil.lib(ai_platform_interface.o)
    0x08002c16   0x08002c16   0x00000002   PAD
    0x08002c18   0x08002c18   0x000000e0   Code   RO         3230    i._ai_platform_get_io_buffers_info  NetworkRuntime810_CM7_Keil.lib(ai_platform_interface.o)
    0x08002cf8   0x08002cf8   0x00000002   Code   RO         3231    i._ai_platform_release_crc  NetworkRuntime810_CM7_Keil.lib(ai_platform_interface.o)
    0x08002cfa   0x08002cfa   0x00000002   PAD
    0x08002cfc   0x08002cfc   0x000000a4   Code   RO         3348    i._forward_lite_nl_softmax_if32of32  NetworkRuntime810_CM7_Keil.lib(layers_nl_generic_float.o)
    0x08002da0   0x08002da0   0x00000184   Code   RO         5211    i._fp_digits        mc_w.l(printfa.o)
    0x08002f24   0x08002f24   0x00000334   Code   RO         3537    i._lstm_cell        NetworkRuntime810_CM7_Keil.lib(layers_rnn_generic_float.o)
    0x08003258   0x08003258   0x0000004a   Code   RO         3232    i._platform_ai_buffer_array_copy  NetworkRuntime810_CM7_Keil.lib(ai_platform_interface.o)
    0x080032a2   0x080032a2   0x00000002   PAD
    0x080032a4   0x080032a4   0x00000050   Code   RO         3233    i._platform_get_table_map_from_buffer  NetworkRuntime810_CM7_Keil.lib(ai_platform_interface.o)
    0x080032f4   0x080032f4   0x00000044   Code   RO         3234    i._platform_get_table_map_from_buffer_array  NetworkRuntime810_CM7_Keil.lib(ai_platform_interface.o)
    0x08003338   0x08003338   0x00000014   Code   RO         3235    i._platform_network_buffers_signature_valid  NetworkRuntime810_CM7_Keil.lib(ai_platform_interface.o)
    0x0800334c   0x0800334c   0x00000210   Code   RO         3236    i._platform_network_io_bind  NetworkRuntime810_CM7_Keil.lib(ai_platform_interface.o)
    0x0800355c   0x0800355c   0x0000003e   Code   RO         3237    i._platform_network_state_setup  NetworkRuntime810_CM7_Keil.lib(ai_platform_interface.o)
    0x0800359a   0x0800359a   0x0000006a   Code   RO         3238    i._platform_network_state_update_input  NetworkRuntime810_CM7_Keil.lib(ai_platform_interface.o)
    0x08003604   0x08003604   0x00000080   Code   RO         3239    i._platform_network_state_update_output  NetworkRuntime810_CM7_Keil.lib(ai_platform_interface.o)
    0x08003684   0x08003684   0x000006dc   Code   RO         5212    i._printf_core      mc_w.l(printfa.o)
    0x08003d60   0x08003d60   0x00000024   Code   RO         5213    i._printf_post_padding  mc_w.l(printfa.o)
    0x08003d84   0x08003d84   0x0000002e   Code   RO         5214    i._printf_pre_padding  mc_w.l(printfa.o)
    0x08003db2   0x08003db2   0x0000000a   Code   RO         5216    i._sputc            mc_w.l(printfa.o)
    0x08003dbc   0x08003dbc   0x0000003c   Code   RO         3572    i.ai_array_get_byte_size  NetworkRuntime810_CM7_Keil.lib(ai_datatypes_format.o)
    0x08003df8   0x08003df8   0x0000001e   Code   RO         3573    i.ai_array_get_data_byte_size  NetworkRuntime810_CM7_Keil.lib(ai_datatypes_format.o)
    0x08003e16   0x08003e16   0x00000002   PAD
    0x08003e18   0x08003e18   0x0000012c   Code   RO         3575    i.ai_array_to_buffer_fmt  NetworkRuntime810_CM7_Keil.lib(ai_datatypes_format.o)
    0x08003f44   0x08003f44   0x00000024   Code   RO         3213    i.ai_buffer_array_item_set_address  NetworkRuntime810_CM7_Keil.lib(ai_platform.o)
    0x08003f68   0x08003f68   0x00000012   Code   RO         3214    i.ai_buffer_array_sane  NetworkRuntime810_CM7_Keil.lib(ai_platform.o)
    0x08003f7a   0x08003f7a   0x00000002   PAD
    0x08003f7c   0x08003f7c   0x00000068   Code   RO         3216    i.ai_buffer_get_size  NetworkRuntime810_CM7_Keil.lib(ai_platform.o)
    0x08003fe4   0x08003fe4   0x0000002c   Code   RO         4078    i.ai_check_custom_types  NetworkRuntime810_CM7_Keil.lib(layers.o)
    0x08004010   0x08004010   0x00000050   Code   RO         4083    i.ai_layers_forward_all  NetworkRuntime810_CM7_Keil.lib(layers.o)
    0x08004060   0x08004060   0x0000001e   Code   RO         4084    i.ai_layers_init_all  NetworkRuntime810_CM7_Keil.lib(layers.o)
    0x0800407e   0x0800407e   0x00000036   Code   RO         4085    i.ai_layers_post_init_all  NetworkRuntime810_CM7_Keil.lib(layers.o)
    0x080040b4   0x080040b4   0x00000018   Code   RO         2829    i.ai_network_create  network.o
    0x080040cc   0x080040cc   0x00000084   Code   RO         2830    i.ai_network_create_and_init  network.o
    0x08004150   0x08004150   0x00000028   Code   RO         3140    i.ai_network_data_params_get  network_data.o
    0x08004178   0x08004178   0x00000004   Code   RO         2833    i.ai_network_get_error  network.o
    0x0800417c   0x0800417c   0x00000030   Code   RO         2836    i.ai_network_init   network.o
    0x080041ac   0x080041ac   0x00000014   Code   RO         2837    i.ai_network_inputs_get  network.o
    0x080041c0   0x080041c0   0x00000014   Code   RO         2838    i.ai_network_outputs_get  network.o
    0x080041d4   0x080041d4   0x00000004   Code   RO         2839    i.ai_network_run    network.o
    0x080041d8   0x080041d8   0x0000002c   Code   RO         3243    i.ai_platform_bind_network_params  NetworkRuntime810_CM7_Keil.lib(ai_platform_interface.o)
    0x08004204   0x08004204   0x0000001c   Code   RO         3244    i.ai_platform_context_acquire  NetworkRuntime810_CM7_Keil.lib(ai_platform_interface.o)
    0x08004220   0x08004220   0x0000002c   Code   RO         3246    i.ai_platform_get_activations_map  NetworkRuntime810_CM7_Keil.lib(ai_platform_interface.o)
    0x0800424c   0x0800424c   0x00000028   Code   RO         3247    i.ai_platform_get_weights_map  NetworkRuntime810_CM7_Keil.lib(ai_platform_interface.o)
    0x08004274   0x08004274   0x00000042   Code   RO         3248    i.ai_platform_inputs_get  NetworkRuntime810_CM7_Keil.lib(ai_platform_interface.o)
    0x080042b6   0x080042b6   0x00000002   PAD
    0x080042b8   0x080042b8   0x00000014   Code   RO         3249    i.ai_platform_interface_api_get_version  NetworkRuntime810_CM7_Keil.lib(ai_platform_interface.o)
    0x080042cc   0x080042cc   0x000000b4   Code   RO         3250    i.ai_platform_network_create  NetworkRuntime810_CM7_Keil.lib(ai_platform_interface.o)
    0x08004380   0x08004380   0x0000001c   Code   RO         3252    i.ai_platform_network_get_error  NetworkRuntime810_CM7_Keil.lib(ai_platform_interface.o)
    0x0800439c   0x0800439c   0x0000010c   Code   RO         3253    i.ai_platform_network_init  NetworkRuntime810_CM7_Keil.lib(ai_platform_interface.o)
    0x080044a8   0x080044a8   0x00000046   Code   RO         3254    i.ai_platform_network_post_init  NetworkRuntime810_CM7_Keil.lib(ai_platform_interface.o)
    0x080044ee   0x080044ee   0x00000054   Code   RO         3255    i.ai_platform_network_process  NetworkRuntime810_CM7_Keil.lib(ai_platform_interface.o)
    0x08004542   0x08004542   0x0000000c   Code   RO         3256    i.ai_platform_network_set_error  NetworkRuntime810_CM7_Keil.lib(ai_platform_interface.o)
    0x0800454e   0x0800454e   0x00000048   Code   RO         3262    i.ai_platform_outputs_get  NetworkRuntime810_CM7_Keil.lib(ai_platform_interface.o)
    0x08004596   0x08004596   0x0000001a   Code   RO         3349    i.ai_shape_get_size  NetworkRuntime810_CM7_Keil.lib(layers_nl_generic_float.o)
    0x080045b0   0x080045b0   0x0000000c   Code   RO         3596    i.ai_version_get    NetworkRuntime810_CM7_Keil.lib(ai_datatypes_internal.o)
    0x080045bc   0x080045bc   0x00000014   Code   RO         3538    i.array_f32_identity  NetworkRuntime810_CM7_Keil.lib(layers_rnn_generic_float.o)
    0x080045d0   0x080045d0   0x0000000c   Code   RO         4098    i.core_get_error    NetworkRuntime810_CM7_Keil.lib(core_common.o)
    0x080045dc   0x080045dc   0x00000004   Code   RO         4099    i.core_init         NetworkRuntime810_CM7_Keil.lib(core_common.o)
    0x080045e0   0x080045e0   0x0000001a   Code   RO         4100    i.core_set_error    NetworkRuntime810_CM7_Keil.lib(core_common.o)
    0x080045fa   0x080045fa   0x00000002   PAD
    0x080045fc   0x080045fc   0x000001ec   Code   RO         3320    i.forward_dense     NetworkRuntime810_CM7_Keil.lib(layers_conv2d_generic_float.o)
    0x080047e8   0x080047e8   0x0000007c   Code   RO         4135    i.forward_lite_dense_if32of32wf32  NetworkRuntime810_CM7_Keil.lib(lite_dense_if32.o)
    0x08004864   0x08004864   0x000004a4   Code   RO         3542    i.forward_lstm      NetworkRuntime810_CM7_Keil.lib(layers_rnn_generic_float.o)
    0x08004d08   0x08004d08   0x00000070   Code   RO         3383    i.forward_sm        NetworkRuntime810_CM7_Keil.lib(layers_nl_generic_float.o)
    0x08004d78   0x08004d78   0x00000012   Code   RO         5320    i.fputc             mc_w.l(fputc.o)
    0x08004d8a   0x08004d8a   0x00000002   PAD
    0x08004d8c   0x08004d8c   0x00000028   Code   RO         3597    i.get_tensor_byte_size  NetworkRuntime810_CM7_Keil.lib(ai_datatypes_internal.o)
    0x08004db4   0x08004db4   0x00000050   Code   RO         5238    i.internal_alloc    mc_w.l(mallocr.o)
    0x08004e04   0x08004e04   0x000000e4   Code   RO           22    i.main              main.o
    0x08004ee8   0x08004ee8   0x00000064   Code   RO         2840    i.network_configure_activations  network.o
    0x08004f4c   0x08004f4c   0x000000a8   Code   RO         2841    i.network_configure_weights  network.o
    0x08004ff4   0x08004ff4   0x00000048   Code   RO         3422    i.nl_func_sigmoid_array_f32  NetworkRuntime810_CM7_Keil.lib(layers_nl_generic_float.o)
    0x0800503c   0x0800503c   0x00000030   Code   RO         3435    i.nl_func_tanh_array_f32  NetworkRuntime810_CM7_Keil.lib(layers_nl_generic_float.o)
    0x0800506c   0x0800506c   0x00000084   Code   RO         4141    i.st_int8_copy      NetworkRuntime810_CM7_Keil.lib(st_int8_fill.o)
    0x080050f0   0x080050f0   0x0000005c   Code   RO         4142    i.st_int8_fill      NetworkRuntime810_CM7_Keil.lib(st_int8_fill.o)
    0x0800514c   0x0800514c   0x00000004   Data   RO           25    .constdata          main.o
    0x08005150   0x08005150   0x00000010   Data   RO         2796    .constdata          system_stm32f7xx.o
    0x08005160   0x08005160   0x00000008   Data   RO         2797    .constdata          system_stm32f7xx.o
    0x08005168   0x08005168   0x00000008   Data   RO         2846    .constdata          network.o
    0x08005170   0x08005170   0x00000008   Data   RO         2847    .constdata          network.o
    0x08005178   0x08005178   0x00000008   Data   RO         2848    .constdata          network.o
    0x08005180   0x08005180   0x00000068   Data   RO         3143    .constdata          network_data.o
    0x080051e8   0x080051e8   0x00000018   PAD
    0x08005200   0x08005200   0x000095d8   Data   RO         3193    .constdata          network_data_params.o
    0x0800e7d8   0x0800e7d8   0x0000006c   Data   RO         3265    .constdata          NetworkRuntime810_CM7_Keil.lib(ai_platform_interface.o)
    0x0800e844   0x0800e844   0x00000118   Data   RO         3548    .constdata          NetworkRuntime810_CM7_Keil.lib(layers_rnn_generic_float.o)
    0x0800e95c   0x0800e95c   0x00000030   Data   RO         4847    .constdata          m_wv.l(expf.o)
    0x0800e98c   0x0800e98c   0x00000020   Data   RO         5365    Region$$Table       anon$$obj.o


    Execution Region RW_RAM (Exec base: 0x20000000, Load base: 0x0800e9ac, Size: 0x00003f00, Max: 0x00080000, ABSOLUTE, COMPRESSED[0x0000025c])

    Exec Addr    Load Addr    Size         Type   Attr      Idx    E Section Name        Object

    0x20000000   COMPRESSED   0x00000010   Data   RW           26    .data               main.o
    0x20000010   COMPRESSED   0x0000000c   Data   RW         1511    .data               stm32f7xx_hal.o
    0x2000001c   COMPRESSED   0x00000004   Data   RW         2798    .data               system_stm32f7xx.o
    0x20000020   COMPRESSED   0x00000010   Data   RW         2851    .data               network.o
    0x20000030   COMPRESSED   0x00000010   Data   RW         2852    .data               network.o
    0x20000040   COMPRESSED   0x00000010   Data   RW         2853    .data               network.o
    0x20000050   COMPRESSED   0x00000010   Data   RW         2854    .data               network.o
    0x20000060   COMPRESSED   0x00000010   Data   RW         2855    .data               network.o
    0x20000070   COMPRESSED   0x00000010   Data   RW         2856    .data               network.o
    0x20000080   COMPRESSED   0x00000010   Data   RW         2857    .data               network.o
    0x20000090   COMPRESSED   0x00000010   Data   RW         2858    .data               network.o
    0x200000a0   COMPRESSED   0x00000010   Data   RW         2859    .data               network.o
    0x200000b0   COMPRESSED   0x00000010   Data   RW         2860    .data               network.o
    0x200000c0   COMPRESSED   0x00000010   Data   RW         2861    .data               network.o
    0x200000d0   COMPRESSED   0x00000010   Data   RW         2862    .data               network.o
    0x200000e0   COMPRESSED   0x00000010   Data   RW         2863    .data               network.o
    0x200000f0   COMPRESSED   0x00000010   Data   RW         2864    .data               network.o
    0x20000100   COMPRESSED   0x00000010   Data   RW         2865    .data               network.o
    0x20000110   COMPRESSED   0x00000010   Data   RW         2866    .data               network.o
    0x20000120   COMPRESSED   0x00000010   Data   RW         2867    .data               network.o
    0x20000130   COMPRESSED   0x00000010   Data   RW         2868    .data               network.o
    0x20000140   COMPRESSED   0x00000010   Data   RW         2869    .data               network.o
    0x20000150   COMPRESSED   0x00000010   Data   RW         2870    .data               network.o
    0x20000160   COMPRESSED   0x00000010   Data   RW         2871    .data               network.o
    0x20000170   COMPRESSED   0x00000010   Data   RW         2872    .data               network.o
    0x20000180   COMPRESSED   0x00000010   Data   RW         2873    .data               network.o
    0x20000190   COMPRESSED   0x00000010   Data   RW         2874    .data               network.o
    0x200001a0   COMPRESSED   0x00000004   Data   RW         2875    .data               network.o
    0x200001a4   COMPRESSED   0x00000004   Data   RW         2876    .data               network.o
    0x200001a8   COMPRESSED   0x00000004   Data   RW         2877    .data               network.o
    0x200001ac   COMPRESSED   0x00000004   Data   RW         2878    .data               network.o
    0x200001b0   COMPRESSED   0x00000030   Data   RW         2879    .data               network.o
    0x200001e0   COMPRESSED   0x00000004   Data   RW         2880    .data               network.o
    0x200001e4   COMPRESSED   0x00000004   Data   RW         2881    .data               network.o
    0x200001e8   COMPRESSED   0x00000008   Data   RW         2882    .data               network.o
    0x200001f0   COMPRESSED   0x00000004   Data   RW         2883    .data               network.o
    0x200001f4   COMPRESSED   0x00000030   Data   RW         2884    .data               network.o
    0x20000224   COMPRESSED   0x00000004   Data   RW         2885    .data               network.o
    0x20000228   COMPRESSED   0x00000004   Data   RW         2886    .data               network.o
    0x2000022c   COMPRESSED   0x00000024   Data   RW         2887    .data               network.o
    0x20000250   COMPRESSED   0x00000004   Data   RW         2888    .data               network.o
    0x20000254   COMPRESSED   0x00000030   Data   RW         2889    .data               network.o
    0x20000284   COMPRESSED   0x00000010   Data   RW         2890    .data               network.o
    0x20000294   COMPRESSED   0x0000001c   Data   RW         2891    .data               network.o
    0x200002b0   COMPRESSED   0x00000010   Data   RW         2892    .data               network.o
    0x200002c0   COMPRESSED   0x0000001c   Data   RW         2893    .data               network.o
    0x200002dc   COMPRESSED   0x00000004   Data   RW         2894    .data               network.o
    0x200002e0   COMPRESSED   0x00000008   Data   RW         2895    .data               network.o
    0x200002e8   COMPRESSED   0x0000000c   Data   RW         2896    .data               network.o
    0x200002f4   COMPRESSED   0x00000004   Data   RW         2897    .data               network.o
    0x200002f8   COMPRESSED   0x00000008   Data   RW         2898    .data               network.o
    0x20000300   COMPRESSED   0x0000000c   Data   RW         2899    .data               network.o
    0x2000030c   COMPRESSED   0x00000018   Data   RW         2900    .data               network.o
    0x20000324   COMPRESSED   0x00000104   Data   RW         2901    .data               network.o
    0x20000428   COMPRESSED   0x0000001c   Data   RW         2902    .data               network.o
    0x20000444   COMPRESSED   0x0000001c   Data   RW         2903    .data               network.o
    0x20000460   COMPRESSED   0x0000001c   Data   RW         2904    .data               network.o
    0x2000047c   COMPRESSED   0x0000001c   Data   RW         2905    .data               network.o
    0x20000498   COMPRESSED   0x0000001c   Data   RW         2906    .data               network.o
    0x200004b4   COMPRESSED   0x0000001c   Data   RW         2907    .data               network.o
    0x200004d0   COMPRESSED   0x0000001c   Data   RW         2908    .data               network.o
    0x200004ec   COMPRESSED   0x0000001c   Data   RW         2909    .data               network.o
    0x20000508   COMPRESSED   0x0000001c   Data   RW         2910    .data               network.o
    0x20000524   COMPRESSED   0x0000001c   Data   RW         2911    .data               network.o
    0x20000540   COMPRESSED   0x0000001c   Data   RW         2912    .data               network.o
    0x2000055c   COMPRESSED   0x0000001c   Data   RW         2913    .data               network.o
    0x20000578   COMPRESSED   0x00000020   Data   RW         2914    .data               network.o
    0x20000598   COMPRESSED   0x0000001c   Data   RW         2915    .data               network.o
    0x200005b4   COMPRESSED   0x00000044   Data   RW         2916    .data               network.o
    0x200005f8   COMPRESSED   0x00000010   Data   RW         3144    .data               network_data.o
    0x20000608   COMPRESSED   0x00000010   Data   RW         3145    .data               network_data.o
    0x20000618   COMPRESSED   0x0000001c   Data   RW         3146    .data               network_data.o
    0x20000634   COMPRESSED   0x0000001c   Data   RW         3147    .data               network_data.o
    0x20000650   COMPRESSED   0x00000004   Data   RW         5322    .data               mc_w.l(stdout.o)
    0x20000654   COMPRESSED   0x00000004   Data   RW         5329    .data               mc_w.l(mvars.o)
    0x20000658   COMPRESSED   0x00000004   Data   RW         5330    .data               mc_w.l(mvars.o)
    0x2000065c   COMPRESSED   0x00000004   Data   RW         5334    .data               mc_w.l(errno.o)
    0x20000660        -       0x00001114   Zero   RW           23    .bss                main.o
    0x20001774        -       0x00001730   Zero   RW           24    .bss                main.o
    0x20002ea4        -       0x0000001c   Zero   RW         2842    .bss                network.o
    0x20002ec0        -       0x00000010   Zero   RW         2843    .bss                network.o
    0x20002ed0        -       0x0000001c   Zero   RW         2844    .bss                network.o
    0x20002eec        -       0x00000010   Zero   RW         2845    .bss                network.o
    0x20002efc   COMPRESSED   0x00000004   PAD
    0x20002f00        -       0x00000800   Zero   RW            2    HEAP                startup_stm32f767xx.o
    0x20003700        -       0x00000800   Zero   RW            1    STACK               startup_stm32f767xx.o


==============================================================================

Image component sizes


      Code (inc. data)   RO Data    RW Data    ZI Data      Debug   Object Name

       924        224          4         16      10308     856777   main.o
       520         32         24       1496         88      53462   network.o
        40          4        104         88          0      15681   network_data.o
         0          0      38360          0          0      15070   network_data_params.o
        36          8        504          0       4096        876   startup_stm32f767xx.o
       114         20          0         12          0       8841   stm32f7xx_hal.o
       198         12          0          0          0      39251   stm32f7xx_hal_cortex.o
       120          6          0          0          0       1255   stm32f7xx_hal_crc.o
        84          0          0          0          0       1359   stm32f7xx_hal_crc_ex.o
       182          0          0          0          0       2255   stm32f7xx_hal_dma.o
       584         54          0          0          0       1692   stm32f7xx_hal_gpio.o
       204         28          0          0          0       2131   stm32f7xx_hal_msp.o
       108          8          0          0          0       1352   stm32f7xx_hal_pwr_ex.o
      1384         66          0          0          0       5460   stm32f7xx_hal_rcc.o
      2774         82          0          0          0      15989   stm32f7xx_hal_uart.o
        32          6          0          0          0     839254   stm32f7xx_it.o
        16          4         24          4          0       1255   system_stm32f7xx.o

    ----------------------------------------------------------------------
      7338        554      39076       1616      14496    1861960   Object Totals
         0          0         32          0          0          0   (incl. Generated)
        18          0         24          0          4          0   (incl. Padding)

    ----------------------------------------------------------------------

      Code (inc. data)   RO Data    RW Data    ZI Data      Debug   Library Member Name

       390         54          0          0          0        368   ai_datatypes_format.o
        52          6          0          0          0        244   ai_datatypes_internal.o
       158          8          0          0          0        368   ai_platform.o
      2748        110        108          0          0       3396   ai_platform_interface.o
        42          0          0          0          0        348   core_common.o
       226          6          0          0          0        628   layers.o
      1048         14          0          0          0        428   layers_conv2d_generic_float.o
       422          6          0          0          0        668   layers_nl_generic_float.o
      2276         22        280          0          0        540   layers_rnn_generic_float.o
       372          8          0          0          0        272   lite_dense_if32.o
       224          0          0          0          0        256   st_int8_fill.o
       500         74         48          0          0        236   expf.o
        38          0          0          0          0        116   fpclassifyf.o
        38         12          0          0          0        348   funder.o
       236         28          0          0          0        152   tanhf.o
        86          0          0          0          0          0   __dczerorl2.o
         0          0          0          0          0          0   entry.o
         0          0          0          0          0          0   entry10a.o
         0          0          0          0          0          0   entry11a.o
         8          4          0          0          0          0   entry2.o
         4          0          0          0          0          0   entry5.o
         0          0          0          0          0          0   entry7b.o
         0          0          0          0          0          0   entry8b.o
         8          4          0          0          0          0   entry9a.o
        12          6          0          4          0         68   errno.o
        18          0          0          0          0         80   fputc.o
        30          0          0          0          0          0   handlers.o
        36          8          0          0          0         68   init.o
         0          0          0          0          0          0   iusefp.o
         0          0          0          0          0          0   iusesemip.o
        30          0          0          0          0         68   llshl.o
        36          0          0          0          0         68   llsshr.o
        32          0          0          0          0         68   llushr.o
       252         24          0          0          0        252   mallocr.o
        26          0          0          0          0         80   memcmp.o
        36          0          0          0          0         68   memcpya.o
        36          0          0          0          0        108   memseta.o
         0          0          0          8          0          0   mvars.o
      2308         96          0          0          0        604   printfa.o
         0          0          0          0          0          0   semi.o
         0          0          0          4          0          0   stdout.o
        14          0          0          0          0         68   strlen.o
        44          0          0          0          0         80   uidiv.o
        98          0          0          0          0         92   uldiv.o
        48          0          0          0          0         68   cdrcmple.o
       334          0          0          0          0        148   dadd.o
       222          0          0          0          0        100   ddiv.o
       186          0          0          0          0        176   depilogue.o
        48          0          0          0          0         68   dfixul.o
       228          0          0          0          0         96   dmul.o

    ----------------------------------------------------------------------
     12970        490        436         16          0      10796   Library Totals
        20          0          0          0          0          0   (incl. Padding)

    ----------------------------------------------------------------------

      Code (inc. data)   RO Data    RW Data    ZI Data      Debug   Library Name

      7958        234        388          0          0       7516   NetworkRuntime810_CM7_Keil.lib
       812        114         48          0          0        852   m_wv.l
      3114        142          0         16          0       1772   mc_w.l
      1066          0          0          0          0        656   mf_w.l

    ----------------------------------------------------------------------
     12970        490        436         16          0      10796   Library Totals

    ----------------------------------------------------------------------

==============================================================================


      Code (inc. data)   RO Data    RW Data    ZI Data      Debug   

     20308       1044      39512       1632      14496    1859392   Grand Totals
     20308       1044      39512        604      14496    1859392   ELF Image Totals (compressed)
     20308       1044      39512        604          0          0   ROM Totals

==============================================================================

    Total RO  Size (Code + RO Data)                59820 (  58.42kB)
    Total RW  Size (RW Data + ZI Data)             16128 (  15.75kB)
    Total ROM Size (Code + RO Data + RW Data)      60424 (  59.01kB)

==============================================================================

